*********************************************************************************************************
Serial Number: EWKAAAAAAAAAAAA
Test Site: HuiZhou
Test Bench: NPI_TEST2
Slot Number: 0
Test Mode: MMI Test
LOT Type: MASS PROD
Operator: 2035876
Start Time: 2015-06-01 13:53:26
Engine Version: NONE
GUI Version: V110721
Test Service Version: NONE
Scenario Version: V1.18
OtherDevice: NONE
*********************************************************************************************************
---------------------------------------------------------------------------------------------------------
Code Measure        Result              						Tol Min   Tol Max
---------------------------------------------------------------------------------------------------------
      
M001 Pcba Version        :1.00                - OK   1.00      1.00
M002 Bluetooth           :1.00                - OK   1.00      1.00
M003 Rom Version         :1.00                - OK   1.00      1.00
M004 G-seneor            :1.00                - OK   1.00      1.00
M005 LED                 :1.00                - OK   1.00      1.00
M006 VIB                 :1.00                - OK   1.00      1.00
M007 Charger             :1.00                - OK   1.00      1.00
M008 Write Flag          :1.00                - OK   1.00      1.00
M009 Activation          :1.00                - OK   1.00      1.00
*********************************************************************************************************
Test time: 25.0 second
*********************************************************************************************************
---------------------------------------------------------------------------------------------------------
Service Error:0
Error Code Group: PASS
Error Index: PASS--No Error
---------------------------------------------------------------------------------------------------------
Write TraceInfo:
EWKAAAAAAAAAAAA$%***SAA1J10WA11C